data/Corpus/Rodrigo_00004
data/Corpus/Rodrigo_00005
data/Corpus/Rodrigo_00006
data/Corpus/Rodrigo_00007
data/Corpus/Rodrigo_00008
data/Corpus/Rodrigo_00009
data/Corpus/Rodrigo_00010
data/Corpus/Rodrigo_00011
data/Corpus/Rodrigo_00012
data/Corpus/Rodrigo_00013
data/Corpus/Rodrigo_00014
data/Corpus/Rodrigo_00015
data/Corpus/Rodrigo_00016
data/Corpus/Rodrigo_00017
data/Corpus/Rodrigo_00018
data/Corpus/Rodrigo_00019
data/Corpus/Rodrigo_00020
data/Corpus/Rodrigo_00021
data/Corpus/Rodrigo_00022
data/Corpus/Rodrigo_00023
data/Corpus/Rodrigo_00024
data/Corpus/Rodrigo_00025
data/Corpus/Rodrigo_00026
data/Corpus/Rodrigo_00027
data/Corpus/Rodrigo_00028
data/Corpus/Rodrigo_00029
data/Corpus/Rodrigo_00030
data/Corpus/Rodrigo_00031
data/Corpus/Rodrigo_00032
data/Corpus/Rodrigo_00033
data/Corpus/Rodrigo_00034
data/Corpus/Rodrigo_00035
data/Corpus/Rodrigo_00036
data/Corpus/Rodrigo_00037
data/Corpus/Rodrigo_00038
data/Corpus/Rodrigo_00039
data/Corpus/Rodrigo_00040
data/Corpus/Rodrigo_00041
data/Corpus/Rodrigo_00042
data/Corpus/Rodrigo_00043
data/Corpus/Rodrigo_00044
data/Corpus/Rodrigo_00045
data/Corpus/Rodrigo_00046
data/Corpus/Rodrigo_00047
data/Corpus/Rodrigo_00048
data/Corpus/Rodrigo_00049
data/Corpus/Rodrigo_00050
data/Corpus/Rodrigo_00051
data/Corpus/Rodrigo_00052
data/Corpus/Rodrigo_00053
data/Corpus/Rodrigo_00054
data/Corpus/Rodrigo_00055
data/Corpus/Rodrigo_00056
data/Corpus/Rodrigo_00057
data/Corpus/Rodrigo_00058
data/Corpus/Rodrigo_00059
data/Corpus/Rodrigo_00060
data/Corpus/Rodrigo_00061
data/Corpus/Rodrigo_00062
data/Corpus/Rodrigo_00063
data/Corpus/Rodrigo_00064
data/Corpus/Rodrigo_00065
data/Corpus/Rodrigo_00066
data/Corpus/Rodrigo_00067
data/Corpus/Rodrigo_00068
data/Corpus/Rodrigo_00069
data/Corpus/Rodrigo_00070
data/Corpus/Rodrigo_00071
data/Corpus/Rodrigo_00072
data/Corpus/Rodrigo_00073
data/Corpus/Rodrigo_00074
data/Corpus/Rodrigo_00075
data/Corpus/Rodrigo_00076
data/Corpus/Rodrigo_00077
data/Corpus/Rodrigo_00078
data/Corpus/Rodrigo_00079
data/Corpus/Rodrigo_00080
data/Corpus/Rodrigo_00081
data/Corpus/Rodrigo_00082
data/Corpus/Rodrigo_00083
data/Corpus/Rodrigo_00084
data/Corpus/Rodrigo_00085
data/Corpus/Rodrigo_00086
data/Corpus/Rodrigo_00087
data/Corpus/Rodrigo_00088
data/Corpus/Rodrigo_00089
data/Corpus/Rodrigo_00090
data/Corpus/Rodrigo_00091
data/Corpus/Rodrigo_00092
data/Corpus/Rodrigo_00093
data/Corpus/Rodrigo_00094
data/Corpus/Rodrigo_00095
data/Corpus/Rodrigo_00096
data/Corpus/Rodrigo_00097
data/Corpus/Rodrigo_00098
data/Corpus/Rodrigo_00099
data/Corpus/Rodrigo_00100
data/Corpus/Rodrigo_00101
data/Corpus/Rodrigo_00102
data/Corpus/Rodrigo_00103
data/Corpus/Rodrigo_00104
data/Corpus/Rodrigo_00105
data/Corpus/Rodrigo_00106
data/Corpus/Rodrigo_00107
data/Corpus/Rodrigo_00108
data/Corpus/Rodrigo_00109
data/Corpus/Rodrigo_00110
data/Corpus/Rodrigo_00111
data/Corpus/Rodrigo_00112
data/Corpus/Rodrigo_00113
data/Corpus/Rodrigo_00114
data/Corpus/Rodrigo_00115
data/Corpus/Rodrigo_00116
data/Corpus/Rodrigo_00117
data/Corpus/Rodrigo_00118
data/Corpus/Rodrigo_00119
data/Corpus/Rodrigo_00120
data/Corpus/Rodrigo_00121
data/Corpus/Rodrigo_00122
data/Corpus/Rodrigo_00123
data/Corpus/Rodrigo_00124
data/Corpus/Rodrigo_00125
data/Corpus/Rodrigo_00126
data/Corpus/Rodrigo_00127
data/Corpus/Rodrigo_00128
data/Corpus/Rodrigo_00129
data/Corpus/Rodrigo_00130
data/Corpus/Rodrigo_00131
data/Corpus/Rodrigo_00132
data/Corpus/Rodrigo_00133
data/Corpus/Rodrigo_00134
data/Corpus/Rodrigo_00135
data/Corpus/Rodrigo_00136
data/Corpus/Rodrigo_00137
data/Corpus/Rodrigo_00138
data/Corpus/Rodrigo_00139
data/Corpus/Rodrigo_00140
data/Corpus/Rodrigo_00141
data/Corpus/Rodrigo_00142
data/Corpus/Rodrigo_00143
data/Corpus/Rodrigo_00144
data/Corpus/Rodrigo_00145
data/Corpus/Rodrigo_00146
data/Corpus/Rodrigo_00147
data/Corpus/Rodrigo_00148
data/Corpus/Rodrigo_00149
data/Corpus/Rodrigo_00150
data/Corpus/Rodrigo_00151
data/Corpus/Rodrigo_00152
data/Corpus/Rodrigo_00153
data/Corpus/Rodrigo_00154
data/Corpus/Rodrigo_00155
data/Corpus/Rodrigo_00156
data/Corpus/Rodrigo_00157
data/Corpus/Rodrigo_00158
data/Corpus/Rodrigo_00159
data/Corpus/Rodrigo_00160
data/Corpus/Rodrigo_00161
data/Corpus/Rodrigo_00162
data/Corpus/Rodrigo_00163
data/Corpus/Rodrigo_00164
data/Corpus/Rodrigo_00165
data/Corpus/Rodrigo_00166
data/Corpus/Rodrigo_00167
data/Corpus/Rodrigo_00168
data/Corpus/Rodrigo_00169
data/Corpus/Rodrigo_00170
data/Corpus/Rodrigo_00171
data/Corpus/Rodrigo_00172
data/Corpus/Rodrigo_00173
data/Corpus/Rodrigo_00174
data/Corpus/Rodrigo_00175
data/Corpus/Rodrigo_00176
data/Corpus/Rodrigo_00177
data/Corpus/Rodrigo_00178
data/Corpus/Rodrigo_00179
data/Corpus/Rodrigo_00180
data/Corpus/Rodrigo_00181
data/Corpus/Rodrigo_00182
data/Corpus/Rodrigo_00183
data/Corpus/Rodrigo_00184
data/Corpus/Rodrigo_00185
data/Corpus/Rodrigo_00186
data/Corpus/Rodrigo_00187
data/Corpus/Rodrigo_00188
data/Corpus/Rodrigo_00189
data/Corpus/Rodrigo_00190
data/Corpus/Rodrigo_00191
data/Corpus/Rodrigo_00192
data/Corpus/Rodrigo_00193
data/Corpus/Rodrigo_00194
data/Corpus/Rodrigo_00195
data/Corpus/Rodrigo_00196
data/Corpus/Rodrigo_00197
data/Corpus/Rodrigo_00198
data/Corpus/Rodrigo_00199
data/Corpus/Rodrigo_00200
data/Corpus/Rodrigo_00201
data/Corpus/Rodrigo_00202
data/Corpus/Rodrigo_00203
data/Corpus/Rodrigo_00204
data/Corpus/Rodrigo_00205
data/Corpus/Rodrigo_00206
data/Corpus/Rodrigo_00207
data/Corpus/Rodrigo_00208
data/Corpus/Rodrigo_00209
data/Corpus/Rodrigo_00210
data/Corpus/Rodrigo_00211
data/Corpus/Rodrigo_00212
data/Corpus/Rodrigo_00213
data/Corpus/Rodrigo_00214
data/Corpus/Rodrigo_00215
data/Corpus/Rodrigo_00216
data/Corpus/Rodrigo_00217
data/Corpus/Rodrigo_00218
data/Corpus/Rodrigo_00219
data/Corpus/Rodrigo_00220
data/Corpus/Rodrigo_00221
data/Corpus/Rodrigo_00222
data/Corpus/Rodrigo_00223
data/Corpus/Rodrigo_00224
data/Corpus/Rodrigo_00225
data/Corpus/Rodrigo_00226
data/Corpus/Rodrigo_00227
data/Corpus/Rodrigo_00228
data/Corpus/Rodrigo_00229
data/Corpus/Rodrigo_00230
data/Corpus/Rodrigo_00231
data/Corpus/Rodrigo_00232
data/Corpus/Rodrigo_00233
data/Corpus/Rodrigo_00234
data/Corpus/Rodrigo_00235
data/Corpus/Rodrigo_00236
data/Corpus/Rodrigo_00237
data/Corpus/Rodrigo_00238
data/Corpus/Rodrigo_00239
data/Corpus/Rodrigo_00240
data/Corpus/Rodrigo_00241
data/Corpus/Rodrigo_00242
data/Corpus/Rodrigo_00243
data/Corpus/Rodrigo_00244
data/Corpus/Rodrigo_00245
data/Corpus/Rodrigo_00246
data/Corpus/Rodrigo_00247
data/Corpus/Rodrigo_00248
data/Corpus/Rodrigo_00249
data/Corpus/Rodrigo_00250
data/Corpus/Rodrigo_00251
data/Corpus/Rodrigo_00252
data/Corpus/Rodrigo_00253
data/Corpus/Rodrigo_00254
data/Corpus/Rodrigo_00255
data/Corpus/Rodrigo_00256
data/Corpus/Rodrigo_00257
data/Corpus/Rodrigo_00258
data/Corpus/Rodrigo_00259
data/Corpus/Rodrigo_00260
data/Corpus/Rodrigo_00261
data/Corpus/Rodrigo_00262
data/Corpus/Rodrigo_00263
data/Corpus/Rodrigo_00264
data/Corpus/Rodrigo_00265
data/Corpus/Rodrigo_00266
data/Corpus/Rodrigo_00267
data/Corpus/Rodrigo_00268
data/Corpus/Rodrigo_00269
data/Corpus/Rodrigo_00270
data/Corpus/Rodrigo_00271
data/Corpus/Rodrigo_00272
data/Corpus/Rodrigo_00273
data/Corpus/Rodrigo_00274
data/Corpus/Rodrigo_00275
data/Corpus/Rodrigo_00276
data/Corpus/Rodrigo_00277
data/Corpus/Rodrigo_00278
data/Corpus/Rodrigo_00279
data/Corpus/Rodrigo_00280
data/Corpus/Rodrigo_00281
data/Corpus/Rodrigo_00282
data/Corpus/Rodrigo_00283
data/Corpus/Rodrigo_00284
data/Corpus/Rodrigo_00285
data/Corpus/Rodrigo_00286
data/Corpus/Rodrigo_00287
data/Corpus/Rodrigo_00288
data/Corpus/Rodrigo_00289
data/Corpus/Rodrigo_00290
data/Corpus/Rodrigo_00291
data/Corpus/Rodrigo_00292
data/Corpus/Rodrigo_00293
data/Corpus/Rodrigo_00294
data/Corpus/Rodrigo_00295
data/Corpus/Rodrigo_00296
data/Corpus/Rodrigo_00297
data/Corpus/Rodrigo_00298
data/Corpus/Rodrigo_00299
data/Corpus/Rodrigo_00300
data/Corpus/Rodrigo_00301
data/Corpus/Rodrigo_00302
data/Corpus/Rodrigo_00303
data/Corpus/Rodrigo_00304
data/Corpus/Rodrigo_00305
data/Corpus/Rodrigo_00306
data/Corpus/Rodrigo_00307
data/Corpus/Rodrigo_00308
data/Corpus/Rodrigo_00309
data/Corpus/Rodrigo_00310
data/Corpus/Rodrigo_00311
data/Corpus/Rodrigo_00312
data/Corpus/Rodrigo_00313
data/Corpus/Rodrigo_00314
data/Corpus/Rodrigo_00315
data/Corpus/Rodrigo_00316
data/Corpus/Rodrigo_00317
data/Corpus/Rodrigo_00318
data/Corpus/Rodrigo_00319
data/Corpus/Rodrigo_00320
data/Corpus/Rodrigo_00321
data/Corpus/Rodrigo_00322
data/Corpus/Rodrigo_00323
data/Corpus/Rodrigo_00324
data/Corpus/Rodrigo_00325
data/Corpus/Rodrigo_00326
data/Corpus/Rodrigo_00327
data/Corpus/Rodrigo_00328
data/Corpus/Rodrigo_00329
data/Corpus/Rodrigo_00330
data/Corpus/Rodrigo_00331
data/Corpus/Rodrigo_00332
data/Corpus/Rodrigo_00333
data/Corpus/Rodrigo_00334
data/Corpus/Rodrigo_00335
data/Corpus/Rodrigo_00336
data/Corpus/Rodrigo_00337
data/Corpus/Rodrigo_00338
data/Corpus/Rodrigo_00339
data/Corpus/Rodrigo_00340
data/Corpus/Rodrigo_00341
data/Corpus/Rodrigo_00342
data/Corpus/Rodrigo_00343
data/Corpus/Rodrigo_00344
data/Corpus/Rodrigo_00345
data/Corpus/Rodrigo_00346
data/Corpus/Rodrigo_00347
data/Corpus/Rodrigo_00348
data/Corpus/Rodrigo_00349
data/Corpus/Rodrigo_00350
data/Corpus/Rodrigo_00351
data/Corpus/Rodrigo_00352
data/Corpus/Rodrigo_00353
data/Corpus/Rodrigo_00354
data/Corpus/Rodrigo_00355
data/Corpus/Rodrigo_00356
data/Corpus/Rodrigo_00357
data/Corpus/Rodrigo_00358
data/Corpus/Rodrigo_00359
data/Corpus/Rodrigo_00360
data/Corpus/Rodrigo_00361
data/Corpus/Rodrigo_00362
data/Corpus/Rodrigo_00363
data/Corpus/Rodrigo_00364
data/Corpus/Rodrigo_00365
data/Corpus/Rodrigo_00366
data/Corpus/Rodrigo_00367
data/Corpus/Rodrigo_00368
data/Corpus/Rodrigo_00369
data/Corpus/Rodrigo_00370
data/Corpus/Rodrigo_00371
data/Corpus/Rodrigo_00372
data/Corpus/Rodrigo_00373
data/Corpus/Rodrigo_00374
data/Corpus/Rodrigo_00375
data/Corpus/Rodrigo_00376
data/Corpus/Rodrigo_00377
data/Corpus/Rodrigo_00378
data/Corpus/Rodrigo_00379
data/Corpus/Rodrigo_00380
data/Corpus/Rodrigo_00381
data/Corpus/Rodrigo_00382
data/Corpus/Rodrigo_00383
data/Corpus/Rodrigo_00384
data/Corpus/Rodrigo_00385
data/Corpus/Rodrigo_00386
data/Corpus/Rodrigo_00387
data/Corpus/Rodrigo_00388
data/Corpus/Rodrigo_00389
data/Corpus/Rodrigo_00390
data/Corpus/Rodrigo_00391
data/Corpus/Rodrigo_00392
data/Corpus/Rodrigo_00393
data/Corpus/Rodrigo_00394
data/Corpus/Rodrigo_00395
data/Corpus/Rodrigo_00396
data/Corpus/Rodrigo_00397
data/Corpus/Rodrigo_00398
data/Corpus/Rodrigo_00399
data/Corpus/Rodrigo_00400
data/Corpus/Rodrigo_00401
data/Corpus/Rodrigo_00402
data/Corpus/Rodrigo_00403
data/Corpus/Rodrigo_00404
data/Corpus/Rodrigo_00405
data/Corpus/Rodrigo_00406
data/Corpus/Rodrigo_00407
data/Corpus/Rodrigo_00408
data/Corpus/Rodrigo_00409
data/Corpus/Rodrigo_00410
data/Corpus/Rodrigo_00411
data/Corpus/Rodrigo_00412
data/Corpus/Rodrigo_00413
data/Corpus/Rodrigo_00414
data/Corpus/Rodrigo_00415
data/Corpus/Rodrigo_00416
data/Corpus/Rodrigo_00417
data/Corpus/Rodrigo_00418
data/Corpus/Rodrigo_00419
data/Corpus/Rodrigo_00420
data/Corpus/Rodrigo_00421
data/Corpus/Rodrigo_00422
data/Corpus/Rodrigo_00423
data/Corpus/Rodrigo_00424
data/Corpus/Rodrigo_00425
data/Corpus/Rodrigo_00426
data/Corpus/Rodrigo_00427
data/Corpus/Rodrigo_00428
data/Corpus/Rodrigo_00429
data/Corpus/Rodrigo_00430
data/Corpus/Rodrigo_00431
data/Corpus/Rodrigo_00432
data/Corpus/Rodrigo_00433
data/Corpus/Rodrigo_00434
data/Corpus/Rodrigo_00435
data/Corpus/Rodrigo_00436
data/Corpus/Rodrigo_00437
data/Corpus/Rodrigo_00438
data/Corpus/Rodrigo_00439
data/Corpus/Rodrigo_00440
data/Corpus/Rodrigo_00441
data/Corpus/Rodrigo_00442
data/Corpus/Rodrigo_00443
data/Corpus/Rodrigo_00444
data/Corpus/Rodrigo_00445
data/Corpus/Rodrigo_00446
data/Corpus/Rodrigo_00447
data/Corpus/Rodrigo_00448
data/Corpus/Rodrigo_00449
data/Corpus/Rodrigo_00450
data/Corpus/Rodrigo_00451
data/Corpus/Rodrigo_00452
data/Corpus/Rodrigo_00453
data/Corpus/Rodrigo_00454
data/Corpus/Rodrigo_00455
data/Corpus/Rodrigo_00456
data/Corpus/Rodrigo_00457
data/Corpus/Rodrigo_00458
data/Corpus/Rodrigo_00459
data/Corpus/Rodrigo_00460
data/Corpus/Rodrigo_00461
data/Corpus/Rodrigo_00462
data/Corpus/Rodrigo_00463
data/Corpus/Rodrigo_00464
data/Corpus/Rodrigo_00465
data/Corpus/Rodrigo_00466
data/Corpus/Rodrigo_00467
data/Corpus/Rodrigo_00468
data/Corpus/Rodrigo_00469
data/Corpus/Rodrigo_00470
data/Corpus/Rodrigo_00471
data/Corpus/Rodrigo_00472
data/Corpus/Rodrigo_00473
data/Corpus/Rodrigo_00474
data/Corpus/Rodrigo_00475
data/Corpus/Rodrigo_00476
data/Corpus/Rodrigo_00477
data/Corpus/Rodrigo_00478
data/Corpus/Rodrigo_00479
data/Corpus/Rodrigo_00480
data/Corpus/Rodrigo_00481
data/Corpus/Rodrigo_00482
data/Corpus/Rodrigo_00483
data/Corpus/Rodrigo_00484
data/Corpus/Rodrigo_00485
data/Corpus/Rodrigo_00486
data/Corpus/Rodrigo_00487
data/Corpus/Rodrigo_00488
data/Corpus/Rodrigo_00489
data/Corpus/Rodrigo_00490
data/Corpus/Rodrigo_00491
data/Corpus/Rodrigo_00492
data/Corpus/Rodrigo_00493
data/Corpus/Rodrigo_00494
data/Corpus/Rodrigo_00495
data/Corpus/Rodrigo_00496
data/Corpus/Rodrigo_00497
data/Corpus/Rodrigo_00498
data/Corpus/Rodrigo_00499
data/Corpus/Rodrigo_00500
data/Corpus/Rodrigo_00501
data/Corpus/Rodrigo_00502
data/Corpus/Rodrigo_00503
data/Corpus/Rodrigo_00504
data/Corpus/Rodrigo_00505
data/Corpus/Rodrigo_00506
data/Corpus/Rodrigo_00507
data/Corpus/Rodrigo_00508
data/Corpus/Rodrigo_00509
data/Corpus/Rodrigo_00510
data/Corpus/Rodrigo_00511
data/Corpus/Rodrigo_00512
data/Corpus/Rodrigo_00513
data/Corpus/Rodrigo_00514
data/Corpus/Rodrigo_00515
data/Corpus/Rodrigo_00516
data/Corpus/Rodrigo_00517
data/Corpus/Rodrigo_00518
data/Corpus/Rodrigo_00519
data/Corpus/Rodrigo_00520
data/Corpus/Rodrigo_00521
data/Corpus/Rodrigo_00522
data/Corpus/Rodrigo_00523
data/Corpus/Rodrigo_00524
data/Corpus/Rodrigo_00525
data/Corpus/Rodrigo_00526
data/Corpus/Rodrigo_00527
data/Corpus/Rodrigo_00528
data/Corpus/Rodrigo_00529
data/Corpus/Rodrigo_00530
data/Corpus/Rodrigo_00531
data/Corpus/Rodrigo_00532
data/Corpus/Rodrigo_00533
data/Corpus/Rodrigo_00534
data/Corpus/Rodrigo_00535
data/Corpus/Rodrigo_00536
data/Corpus/Rodrigo_00537
data/Corpus/Rodrigo_00538
data/Corpus/Rodrigo_00539
data/Corpus/Rodrigo_00540
data/Corpus/Rodrigo_00541
data/Corpus/Rodrigo_00542
data/Corpus/Rodrigo_00543
data/Corpus/Rodrigo_00544
data/Corpus/Rodrigo_00545
data/Corpus/Rodrigo_00546
data/Corpus/Rodrigo_00547
data/Corpus/Rodrigo_00548
data/Corpus/Rodrigo_00549
data/Corpus/Rodrigo_00550
data/Corpus/Rodrigo_00551
data/Corpus/Rodrigo_00552
data/Corpus/Rodrigo_00553
data/Corpus/Rodrigo_00554
data/Corpus/Rodrigo_00555
data/Corpus/Rodrigo_00556
data/Corpus/Rodrigo_00557
data/Corpus/Rodrigo_00558
data/Corpus/Rodrigo_00559
data/Corpus/Rodrigo_00560
data/Corpus/Rodrigo_00561
data/Corpus/Rodrigo_00562
data/Corpus/Rodrigo_00563
data/Corpus/Rodrigo_00564
data/Corpus/Rodrigo_00565
data/Corpus/Rodrigo_00566
data/Corpus/Rodrigo_00567
data/Corpus/Rodrigo_00568
data/Corpus/Rodrigo_00569
data/Corpus/Rodrigo_00570
data/Corpus/Rodrigo_00571
data/Corpus/Rodrigo_00572
data/Corpus/Rodrigo_00573
data/Corpus/Rodrigo_00574
data/Corpus/Rodrigo_00575
data/Corpus/Rodrigo_00576
data/Corpus/Rodrigo_00577
data/Corpus/Rodrigo_00578
data/Corpus/Rodrigo_00579
data/Corpus/Rodrigo_00580
data/Corpus/Rodrigo_00581
data/Corpus/Rodrigo_00582
data/Corpus/Rodrigo_00583
data/Corpus/Rodrigo_00584
data/Corpus/Rodrigo_00585
data/Corpus/Rodrigo_00586
data/Corpus/Rodrigo_00587
data/Corpus/Rodrigo_00588
data/Corpus/Rodrigo_00589
data/Corpus/Rodrigo_00590
data/Corpus/Rodrigo_00591
data/Corpus/Rodrigo_00592
data/Corpus/Rodrigo_00593
data/Corpus/Rodrigo_00594
data/Corpus/Rodrigo_00595
data/Corpus/Rodrigo_00596
data/Corpus/Rodrigo_00597
data/Corpus/Rodrigo_00598
data/Corpus/Rodrigo_00599
data/Corpus/Rodrigo_00600
data/Corpus/Rodrigo_00601
data/Corpus/Rodrigo_00602
data/Corpus/Rodrigo_00603
data/Corpus/Rodrigo_00604
data/Corpus/Rodrigo_00605
data/Corpus/Rodrigo_00606
data/Corpus/Rodrigo_00607
data/Corpus/Rodrigo_00608
data/Corpus/Rodrigo_00609
data/Corpus/Rodrigo_00610
data/Corpus/Rodrigo_00611
data/Corpus/Rodrigo_00612
data/Corpus/Rodrigo_00613
data/Corpus/Rodrigo_00614
data/Corpus/Rodrigo_00615
data/Corpus/Rodrigo_00616
data/Corpus/Rodrigo_00617
data/Corpus/Rodrigo_00618
data/Corpus/Rodrigo_00619
data/Corpus/Rodrigo_00620
data/Corpus/Rodrigo_00621
data/Corpus/Rodrigo_00622
data/Corpus/Rodrigo_00623
data/Corpus/Rodrigo_00624
data/Corpus/Rodrigo_00625
data/Corpus/Rodrigo_00626
data/Corpus/Rodrigo_00627
data/Corpus/Rodrigo_00628
data/Corpus/Rodrigo_00629
data/Corpus/Rodrigo_00630
data/Corpus/Rodrigo_00631
data/Corpus/Rodrigo_00632
data/Corpus/Rodrigo_00633
data/Corpus/Rodrigo_00634
data/Corpus/Rodrigo_00635
data/Corpus/Rodrigo_00636
data/Corpus/Rodrigo_00637
data/Corpus/Rodrigo_00638
data/Corpus/Rodrigo_00639
data/Corpus/Rodrigo_00640
data/Corpus/Rodrigo_00641
data/Corpus/Rodrigo_00642
data/Corpus/Rodrigo_00643
data/Corpus/Rodrigo_00644
data/Corpus/Rodrigo_00645
data/Corpus/Rodrigo_00646
data/Corpus/Rodrigo_00647
data/Corpus/Rodrigo_00648
data/Corpus/Rodrigo_00649
data/Corpus/Rodrigo_00650
data/Corpus/Rodrigo_00651
data/Corpus/Rodrigo_00652
data/Corpus/Rodrigo_00653
data/Corpus/Rodrigo_00654
data/Corpus/Rodrigo_00655
data/Corpus/Rodrigo_00656
data/Corpus/Rodrigo_00657
data/Corpus/Rodrigo_00658
data/Corpus/Rodrigo_00659
data/Corpus/Rodrigo_00660
data/Corpus/Rodrigo_00661
data/Corpus/Rodrigo_00662
data/Corpus/Rodrigo_00663
data/Corpus/Rodrigo_00664
data/Corpus/Rodrigo_00665
data/Corpus/Rodrigo_00666
data/Corpus/Rodrigo_00667
data/Corpus/Rodrigo_00668
data/Corpus/Rodrigo_00669
data/Corpus/Rodrigo_00670
data/Corpus/Rodrigo_00671
data/Corpus/Rodrigo_00672
data/Corpus/Rodrigo_00673
data/Corpus/Rodrigo_00674
data/Corpus/Rodrigo_00675
data/Corpus/Rodrigo_00676
data/Corpus/Rodrigo_00677
data/Corpus/Rodrigo_00678
data/Corpus/Rodrigo_00679
data/Corpus/Rodrigo_00680
data/Corpus/Rodrigo_00681
data/Corpus/Rodrigo_00682
data/Corpus/Rodrigo_00683
data/Corpus/Rodrigo_00684
data/Corpus/Rodrigo_00685
data/Corpus/Rodrigo_00686
data/Corpus/Rodrigo_00687
data/Corpus/Rodrigo_00688
data/Corpus/Rodrigo_00689
data/Corpus/Rodrigo_00690
data/Corpus/Rodrigo_00691
data/Corpus/Rodrigo_00692
data/Corpus/Rodrigo_00693
data/Corpus/Rodrigo_00694
data/Corpus/Rodrigo_00695
data/Corpus/Rodrigo_00696
data/Corpus/Rodrigo_00697
data/Corpus/Rodrigo_00698
data/Corpus/Rodrigo_00699
data/Corpus/Rodrigo_00700
data/Corpus/Rodrigo_00701
data/Corpus/Rodrigo_00702
data/Corpus/Rodrigo_00703
data/Corpus/Rodrigo_00704
data/Corpus/Rodrigo_00705
data/Corpus/Rodrigo_00706
data/Corpus/Rodrigo_00707
data/Corpus/Rodrigo_00708
data/Corpus/Rodrigo_00709
data/Corpus/Rodrigo_00710
data/Corpus/Rodrigo_00711
data/Corpus/Rodrigo_00712
data/Corpus/Rodrigo_00713
data/Corpus/Rodrigo_00714
data/Corpus/Rodrigo_00715
data/Corpus/Rodrigo_00716
data/Corpus/Rodrigo_00717
data/Corpus/Rodrigo_00718
data/Corpus/Rodrigo_00719
data/Corpus/Rodrigo_00720
data/Corpus/Rodrigo_00721
data/Corpus/Rodrigo_00722
data/Corpus/Rodrigo_00723
data/Corpus/Rodrigo_00724
data/Corpus/Rodrigo_00725
data/Corpus/Rodrigo_00726
data/Corpus/Rodrigo_00727
data/Corpus/Rodrigo_00728
data/Corpus/Rodrigo_00729
data/Corpus/Rodrigo_00730
data/Corpus/Rodrigo_00731
data/Corpus/Rodrigo_00732
data/Corpus/Rodrigo_00733
data/Corpus/Rodrigo_00734
data/Corpus/Rodrigo_00735
data/Corpus/Rodrigo_00736
data/Corpus/Rodrigo_00737
data/Corpus/Rodrigo_00738
data/Corpus/Rodrigo_00739
data/Corpus/Rodrigo_00740
data/Corpus/Rodrigo_00741
data/Corpus/Rodrigo_00742
data/Corpus/Rodrigo_00743
data/Corpus/Rodrigo_00744
data/Corpus/Rodrigo_00745
data/Corpus/Rodrigo_00746
data/Corpus/Rodrigo_00747
data/Corpus/Rodrigo_00748
data/Corpus/Rodrigo_00749
data/Corpus/Rodrigo_00750
data/Corpus/Rodrigo_00751
data/Corpus/Rodrigo_00752
data/Corpus/Rodrigo_00753
data/Corpus/Rodrigo_00754
data/Corpus/Rodrigo_00755
data/Corpus/Rodrigo_00756
data/Corpus/Rodrigo_00757
data/Corpus/Rodrigo_00758
data/Corpus/Rodrigo_00759
data/Corpus/Rodrigo_00760
data/Corpus/Rodrigo_00761
data/Corpus/Rodrigo_00762
data/Corpus/Rodrigo_00763
data/Corpus/Rodrigo_00764
data/Corpus/Rodrigo_00765
data/Corpus/Rodrigo_00766
data/Corpus/Rodrigo_00767
data/Corpus/Rodrigo_00768
data/Corpus/Rodrigo_00769
data/Corpus/Rodrigo_00770
data/Corpus/Rodrigo_00771
data/Corpus/Rodrigo_00772
data/Corpus/Rodrigo_00773
data/Corpus/Rodrigo_00774
data/Corpus/Rodrigo_00775
data/Corpus/Rodrigo_00776
data/Corpus/Rodrigo_00777
data/Corpus/Rodrigo_00778
data/Corpus/Rodrigo_00779
data/Corpus/Rodrigo_00780
data/Corpus/Rodrigo_00781
data/Corpus/Rodrigo_00782
data/Corpus/Rodrigo_00783
data/Corpus/Rodrigo_00784
data/Corpus/Rodrigo_00785
data/Corpus/Rodrigo_00786
data/Corpus/Rodrigo_00787
data/Corpus/Rodrigo_00788
data/Corpus/Rodrigo_00789
data/Corpus/Rodrigo_00790
data/Corpus/Rodrigo_00791
data/Corpus/Rodrigo_00792
data/Corpus/Rodrigo_00793
data/Corpus/Rodrigo_00794
data/Corpus/Rodrigo_00795
data/Corpus/Rodrigo_00796
data/Corpus/Rodrigo_00797
data/Corpus/Rodrigo_00798
data/Corpus/Rodrigo_00799
data/Corpus/Rodrigo_00800
data/Corpus/Rodrigo_00801
data/Corpus/Rodrigo_00802
data/Corpus/Rodrigo_00803
data/Corpus/Rodrigo_00804
data/Corpus/Rodrigo_00805
data/Corpus/Rodrigo_00806
data/Corpus/Rodrigo_00807
data/Corpus/Rodrigo_00808
data/Corpus/Rodrigo_00809
data/Corpus/Rodrigo_00810
data/Corpus/Rodrigo_00811
data/Corpus/Rodrigo_00812
data/Corpus/Rodrigo_00813
data/Corpus/Rodrigo_00814
data/Corpus/Rodrigo_00815
data/Corpus/Rodrigo_00816
data/Corpus/Rodrigo_00817
data/Corpus/Rodrigo_00818
data/Corpus/Rodrigo_00819
data/Corpus/Rodrigo_00820
data/Corpus/Rodrigo_00821
data/Corpus/Rodrigo_00822
data/Corpus/Rodrigo_00823
data/Corpus/Rodrigo_00824
data/Corpus/Rodrigo_00825
data/Corpus/Rodrigo_00826
data/Corpus/Rodrigo_00827
data/Corpus/Rodrigo_00828
data/Corpus/Rodrigo_00829
data/Corpus/Rodrigo_00830
data/Corpus/Rodrigo_00831
data/Corpus/Rodrigo_00832
data/Corpus/Rodrigo_00833
data/Corpus/Rodrigo_00834
data/Corpus/Rodrigo_00835
data/Corpus/Rodrigo_00836
data/Corpus/Rodrigo_00837
data/Corpus/Rodrigo_00838
data/Corpus/Rodrigo_00839
data/Corpus/Rodrigo_00840
data/Corpus/Rodrigo_00841
data/Corpus/Rodrigo_00842
data/Corpus/Rodrigo_00843
data/Corpus/Rodrigo_00844
data/Corpus/Rodrigo_00845
data/Corpus/Rodrigo_00846
data/Corpus/Rodrigo_00847
data/Corpus/Rodrigo_00848
data/Corpus/Rodrigo_00849
data/Corpus/Rodrigo_00850
