data/Corpus/Rodrigo_00004.jpg
data/Corpus/Rodrigo_00005.jpg
data/Corpus/Rodrigo_00006.jpg
data/Corpus/Rodrigo_00007.jpg
data/Corpus/Rodrigo_00008.jpg
data/Corpus/Rodrigo_00009.jpg
data/Corpus/Rodrigo_00010.jpg
data/Corpus/Rodrigo_00011.jpg
data/Corpus/Rodrigo_00012.jpg
data/Corpus/Rodrigo_00013.jpg
data/Corpus/Rodrigo_00014.jpg
data/Corpus/Rodrigo_00015.jpg
data/Corpus/Rodrigo_00016.jpg
data/Corpus/Rodrigo_00017.jpg
data/Corpus/Rodrigo_00018.jpg
data/Corpus/Rodrigo_00019.jpg
data/Corpus/Rodrigo_00020.jpg
data/Corpus/Rodrigo_00021.jpg
data/Corpus/Rodrigo_00022.jpg
data/Corpus/Rodrigo_00023.jpg
data/Corpus/Rodrigo_00024.jpg
data/Corpus/Rodrigo_00025.jpg
data/Corpus/Rodrigo_00026.jpg
data/Corpus/Rodrigo_00027.jpg
data/Corpus/Rodrigo_00028.jpg
data/Corpus/Rodrigo_00029.jpg
data/Corpus/Rodrigo_00030.jpg
data/Corpus/Rodrigo_00031.jpg
data/Corpus/Rodrigo_00032.jpg
data/Corpus/Rodrigo_00033.jpg
data/Corpus/Rodrigo_00034.jpg
data/Corpus/Rodrigo_00035.jpg
data/Corpus/Rodrigo_00036.jpg
data/Corpus/Rodrigo_00037.jpg
data/Corpus/Rodrigo_00038.jpg
data/Corpus/Rodrigo_00039.jpg
data/Corpus/Rodrigo_00040.jpg
data/Corpus/Rodrigo_00041.jpg
data/Corpus/Rodrigo_00042.jpg
data/Corpus/Rodrigo_00043.jpg
data/Corpus/Rodrigo_00044.jpg
data/Corpus/Rodrigo_00045.jpg
data/Corpus/Rodrigo_00046.jpg
data/Corpus/Rodrigo_00047.jpg
data/Corpus/Rodrigo_00048.jpg
data/Corpus/Rodrigo_00049.jpg
data/Corpus/Rodrigo_00050.jpg
data/Corpus/Rodrigo_00051.jpg
data/Corpus/Rodrigo_00052.jpg
data/Corpus/Rodrigo_00053.jpg
data/Corpus/Rodrigo_00054.jpg
data/Corpus/Rodrigo_00055.jpg
data/Corpus/Rodrigo_00056.jpg
data/Corpus/Rodrigo_00057.jpg
data/Corpus/Rodrigo_00058.jpg
data/Corpus/Rodrigo_00059.jpg
data/Corpus/Rodrigo_00060.jpg
data/Corpus/Rodrigo_00061.jpg
data/Corpus/Rodrigo_00062.jpg
data/Corpus/Rodrigo_00063.jpg
data/Corpus/Rodrigo_00064.jpg
data/Corpus/Rodrigo_00065.jpg
data/Corpus/Rodrigo_00066.jpg
data/Corpus/Rodrigo_00067.jpg
data/Corpus/Rodrigo_00068.jpg
data/Corpus/Rodrigo_00069.jpg
data/Corpus/Rodrigo_00070.jpg
data/Corpus/Rodrigo_00071.jpg
data/Corpus/Rodrigo_00072.jpg
data/Corpus/Rodrigo_00073.jpg
data/Corpus/Rodrigo_00074.jpg
data/Corpus/Rodrigo_00075.jpg
data/Corpus/Rodrigo_00076.jpg
data/Corpus/Rodrigo_00077.jpg
data/Corpus/Rodrigo_00078.jpg
data/Corpus/Rodrigo_00079.jpg
data/Corpus/Rodrigo_00080.jpg
data/Corpus/Rodrigo_00081.jpg
data/Corpus/Rodrigo_00082.jpg
data/Corpus/Rodrigo_00083.jpg
data/Corpus/Rodrigo_00084.jpg
data/Corpus/Rodrigo_00085.jpg
data/Corpus/Rodrigo_00086.jpg
data/Corpus/Rodrigo_00087.jpg
data/Corpus/Rodrigo_00088.jpg
data/Corpus/Rodrigo_00089.jpg
data/Corpus/Rodrigo_00090.jpg
data/Corpus/Rodrigo_00091.jpg
data/Corpus/Rodrigo_00092.jpg
data/Corpus/Rodrigo_00093.jpg
data/Corpus/Rodrigo_00094.jpg
data/Corpus/Rodrigo_00095.jpg
data/Corpus/Rodrigo_00096.jpg
data/Corpus/Rodrigo_00097.jpg
data/Corpus/Rodrigo_00098.jpg
data/Corpus/Rodrigo_00099.jpg
data/Corpus/Rodrigo_00100.jpg
data/Corpus/Rodrigo_00101.jpg
data/Corpus/Rodrigo_00102.jpg
data/Corpus/Rodrigo_00103.jpg
data/Corpus/Rodrigo_00104.jpg
data/Corpus/Rodrigo_00105.jpg
data/Corpus/Rodrigo_00106.jpg
data/Corpus/Rodrigo_00107.jpg
data/Corpus/Rodrigo_00108.jpg
data/Corpus/Rodrigo_00109.jpg
data/Corpus/Rodrigo_00110.jpg
data/Corpus/Rodrigo_00111.jpg
data/Corpus/Rodrigo_00112.jpg
data/Corpus/Rodrigo_00113.jpg
data/Corpus/Rodrigo_00114.jpg
data/Corpus/Rodrigo_00115.jpg
data/Corpus/Rodrigo_00116.jpg
data/Corpus/Rodrigo_00117.jpg
data/Corpus/Rodrigo_00118.jpg
data/Corpus/Rodrigo_00119.jpg
data/Corpus/Rodrigo_00120.jpg
data/Corpus/Rodrigo_00121.jpg
data/Corpus/Rodrigo_00122.jpg
data/Corpus/Rodrigo_00123.jpg
data/Corpus/Rodrigo_00124.jpg
data/Corpus/Rodrigo_00125.jpg
data/Corpus/Rodrigo_00126.jpg
data/Corpus/Rodrigo_00127.jpg
data/Corpus/Rodrigo_00128.jpg
data/Corpus/Rodrigo_00129.jpg
data/Corpus/Rodrigo_00130.jpg
data/Corpus/Rodrigo_00131.jpg
data/Corpus/Rodrigo_00132.jpg
data/Corpus/Rodrigo_00133.jpg
data/Corpus/Rodrigo_00134.jpg
data/Corpus/Rodrigo_00135.jpg
data/Corpus/Rodrigo_00136.jpg
data/Corpus/Rodrigo_00137.jpg
data/Corpus/Rodrigo_00138.jpg
data/Corpus/Rodrigo_00139.jpg
data/Corpus/Rodrigo_00140.jpg
data/Corpus/Rodrigo_00141.jpg
data/Corpus/Rodrigo_00142.jpg
data/Corpus/Rodrigo_00143.jpg
data/Corpus/Rodrigo_00144.jpg
data/Corpus/Rodrigo_00145.jpg
data/Corpus/Rodrigo_00146.jpg
data/Corpus/Rodrigo_00147.jpg
data/Corpus/Rodrigo_00148.jpg
data/Corpus/Rodrigo_00149.jpg
data/Corpus/Rodrigo_00150.jpg
data/Corpus/Rodrigo_00151.jpg
data/Corpus/Rodrigo_00152.jpg
data/Corpus/Rodrigo_00153.jpg
data/Corpus/Rodrigo_00154.jpg
data/Corpus/Rodrigo_00155.jpg
data/Corpus/Rodrigo_00156.jpg
data/Corpus/Rodrigo_00157.jpg
data/Corpus/Rodrigo_00158.jpg
data/Corpus/Rodrigo_00159.jpg
data/Corpus/Rodrigo_00160.jpg
data/Corpus/Rodrigo_00161.jpg
data/Corpus/Rodrigo_00162.jpg
data/Corpus/Rodrigo_00163.jpg
data/Corpus/Rodrigo_00164.jpg
data/Corpus/Rodrigo_00165.jpg
data/Corpus/Rodrigo_00166.jpg
data/Corpus/Rodrigo_00167.jpg
data/Corpus/Rodrigo_00168.jpg
data/Corpus/Rodrigo_00169.jpg
data/Corpus/Rodrigo_00170.jpg
data/Corpus/Rodrigo_00171.jpg
data/Corpus/Rodrigo_00172.jpg
data/Corpus/Rodrigo_00173.jpg
data/Corpus/Rodrigo_00174.jpg
data/Corpus/Rodrigo_00175.jpg
data/Corpus/Rodrigo_00176.jpg
data/Corpus/Rodrigo_00177.jpg
data/Corpus/Rodrigo_00178.jpg
data/Corpus/Rodrigo_00179.jpg
data/Corpus/Rodrigo_00180.jpg
data/Corpus/Rodrigo_00181.jpg
data/Corpus/Rodrigo_00182.jpg
data/Corpus/Rodrigo_00183.jpg
data/Corpus/Rodrigo_00184.jpg
data/Corpus/Rodrigo_00185.jpg
data/Corpus/Rodrigo_00186.jpg
data/Corpus/Rodrigo_00187.jpg
data/Corpus/Rodrigo_00188.jpg
data/Corpus/Rodrigo_00189.jpg
data/Corpus/Rodrigo_00190.jpg
data/Corpus/Rodrigo_00191.jpg
data/Corpus/Rodrigo_00192.jpg
data/Corpus/Rodrigo_00193.jpg
data/Corpus/Rodrigo_00194.jpg
data/Corpus/Rodrigo_00195.jpg
data/Corpus/Rodrigo_00196.jpg
data/Corpus/Rodrigo_00197.jpg
data/Corpus/Rodrigo_00198.jpg
data/Corpus/Rodrigo_00199.jpg
data/Corpus/Rodrigo_00200.jpg
data/Corpus/Rodrigo_00201.jpg
data/Corpus/Rodrigo_00202.jpg
data/Corpus/Rodrigo_00203.jpg
data/Corpus/Rodrigo_00204.jpg
data/Corpus/Rodrigo_00205.jpg
data/Corpus/Rodrigo_00206.jpg
data/Corpus/Rodrigo_00207.jpg
data/Corpus/Rodrigo_00208.jpg
data/Corpus/Rodrigo_00209.jpg
data/Corpus/Rodrigo_00210.jpg
data/Corpus/Rodrigo_00211.jpg
data/Corpus/Rodrigo_00212.jpg
data/Corpus/Rodrigo_00213.jpg
data/Corpus/Rodrigo_00214.jpg
data/Corpus/Rodrigo_00215.jpg
data/Corpus/Rodrigo_00216.jpg
data/Corpus/Rodrigo_00217.jpg
data/Corpus/Rodrigo_00218.jpg
data/Corpus/Rodrigo_00219.jpg
data/Corpus/Rodrigo_00220.jpg
data/Corpus/Rodrigo_00221.jpg
data/Corpus/Rodrigo_00222.jpg
data/Corpus/Rodrigo_00223.jpg
data/Corpus/Rodrigo_00224.jpg
data/Corpus/Rodrigo_00225.jpg
data/Corpus/Rodrigo_00226.jpg
data/Corpus/Rodrigo_00227.jpg
data/Corpus/Rodrigo_00228.jpg
data/Corpus/Rodrigo_00229.jpg
data/Corpus/Rodrigo_00230.jpg
data/Corpus/Rodrigo_00231.jpg
data/Corpus/Rodrigo_00232.jpg
data/Corpus/Rodrigo_00233.jpg
data/Corpus/Rodrigo_00234.jpg
data/Corpus/Rodrigo_00235.jpg
data/Corpus/Rodrigo_00236.jpg
data/Corpus/Rodrigo_00237.jpg
data/Corpus/Rodrigo_00238.jpg
data/Corpus/Rodrigo_00239.jpg
data/Corpus/Rodrigo_00240.jpg
data/Corpus/Rodrigo_00241.jpg
data/Corpus/Rodrigo_00242.jpg
data/Corpus/Rodrigo_00243.jpg
data/Corpus/Rodrigo_00244.jpg
data/Corpus/Rodrigo_00245.jpg
data/Corpus/Rodrigo_00246.jpg
data/Corpus/Rodrigo_00247.jpg
data/Corpus/Rodrigo_00248.jpg
data/Corpus/Rodrigo_00249.jpg
data/Corpus/Rodrigo_00250.jpg
data/Corpus/Rodrigo_00251.jpg
data/Corpus/Rodrigo_00252.jpg
data/Corpus/Rodrigo_00253.jpg
data/Corpus/Rodrigo_00254.jpg
data/Corpus/Rodrigo_00255.jpg
data/Corpus/Rodrigo_00256.jpg
data/Corpus/Rodrigo_00257.jpg
data/Corpus/Rodrigo_00258.jpg
data/Corpus/Rodrigo_00259.jpg
data/Corpus/Rodrigo_00260.jpg
data/Corpus/Rodrigo_00261.jpg
data/Corpus/Rodrigo_00262.jpg
data/Corpus/Rodrigo_00263.jpg
data/Corpus/Rodrigo_00264.jpg
data/Corpus/Rodrigo_00265.jpg
data/Corpus/Rodrigo_00266.jpg
data/Corpus/Rodrigo_00267.jpg
data/Corpus/Rodrigo_00268.jpg
data/Corpus/Rodrigo_00269.jpg
data/Corpus/Rodrigo_00270.jpg
data/Corpus/Rodrigo_00271.jpg
data/Corpus/Rodrigo_00272.jpg
data/Corpus/Rodrigo_00273.jpg
data/Corpus/Rodrigo_00274.jpg
data/Corpus/Rodrigo_00275.jpg
data/Corpus/Rodrigo_00276.jpg
data/Corpus/Rodrigo_00277.jpg
data/Corpus/Rodrigo_00278.jpg
data/Corpus/Rodrigo_00279.jpg
data/Corpus/Rodrigo_00280.jpg
data/Corpus/Rodrigo_00281.jpg
data/Corpus/Rodrigo_00282.jpg
data/Corpus/Rodrigo_00283.jpg
data/Corpus/Rodrigo_00284.jpg
data/Corpus/Rodrigo_00285.jpg
data/Corpus/Rodrigo_00286.jpg
data/Corpus/Rodrigo_00287.jpg
data/Corpus/Rodrigo_00288.jpg
data/Corpus/Rodrigo_00289.jpg
data/Corpus/Rodrigo_00290.jpg
data/Corpus/Rodrigo_00291.jpg
data/Corpus/Rodrigo_00292.jpg
data/Corpus/Rodrigo_00293.jpg
data/Corpus/Rodrigo_00294.jpg
data/Corpus/Rodrigo_00295.jpg
data/Corpus/Rodrigo_00296.jpg
data/Corpus/Rodrigo_00297.jpg
data/Corpus/Rodrigo_00298.jpg
data/Corpus/Rodrigo_00299.jpg
data/Corpus/Rodrigo_00300.jpg
data/Corpus/Rodrigo_00301.jpg
data/Corpus/Rodrigo_00302.jpg
data/Corpus/Rodrigo_00303.jpg
data/Corpus/Rodrigo_00304.jpg
data/Corpus/Rodrigo_00305.jpg
data/Corpus/Rodrigo_00306.jpg
data/Corpus/Rodrigo_00307.jpg
data/Corpus/Rodrigo_00308.jpg
data/Corpus/Rodrigo_00309.jpg
data/Corpus/Rodrigo_00310.jpg
data/Corpus/Rodrigo_00311.jpg
data/Corpus/Rodrigo_00312.jpg
data/Corpus/Rodrigo_00313.jpg
data/Corpus/Rodrigo_00314.jpg
data/Corpus/Rodrigo_00315.jpg
data/Corpus/Rodrigo_00316.jpg
data/Corpus/Rodrigo_00317.jpg
data/Corpus/Rodrigo_00318.jpg
data/Corpus/Rodrigo_00319.jpg
data/Corpus/Rodrigo_00320.jpg
data/Corpus/Rodrigo_00321.jpg
data/Corpus/Rodrigo_00322.jpg
data/Corpus/Rodrigo_00323.jpg
data/Corpus/Rodrigo_00324.jpg
data/Corpus/Rodrigo_00325.jpg
data/Corpus/Rodrigo_00326.jpg
data/Corpus/Rodrigo_00327.jpg
data/Corpus/Rodrigo_00328.jpg
data/Corpus/Rodrigo_00329.jpg
data/Corpus/Rodrigo_00330.jpg
data/Corpus/Rodrigo_00331.jpg
data/Corpus/Rodrigo_00332.jpg
data/Corpus/Rodrigo_00333.jpg
data/Corpus/Rodrigo_00334.jpg
data/Corpus/Rodrigo_00335.jpg
data/Corpus/Rodrigo_00336.jpg
data/Corpus/Rodrigo_00337.jpg
data/Corpus/Rodrigo_00338.jpg
data/Corpus/Rodrigo_00339.jpg
data/Corpus/Rodrigo_00340.jpg
data/Corpus/Rodrigo_00341.jpg
data/Corpus/Rodrigo_00342.jpg
data/Corpus/Rodrigo_00343.jpg
data/Corpus/Rodrigo_00344.jpg
data/Corpus/Rodrigo_00345.jpg
data/Corpus/Rodrigo_00346.jpg
data/Corpus/Rodrigo_00347.jpg
data/Corpus/Rodrigo_00348.jpg
data/Corpus/Rodrigo_00349.jpg
data/Corpus/Rodrigo_00350.jpg
data/Corpus/Rodrigo_00351.jpg
data/Corpus/Rodrigo_00352.jpg
data/Corpus/Rodrigo_00353.jpg
data/Corpus/Rodrigo_00354.jpg
data/Corpus/Rodrigo_00355.jpg
data/Corpus/Rodrigo_00356.jpg
data/Corpus/Rodrigo_00357.jpg
data/Corpus/Rodrigo_00358.jpg
data/Corpus/Rodrigo_00359.jpg
data/Corpus/Rodrigo_00360.jpg
data/Corpus/Rodrigo_00361.jpg
data/Corpus/Rodrigo_00362.jpg
data/Corpus/Rodrigo_00363.jpg
data/Corpus/Rodrigo_00364.jpg
data/Corpus/Rodrigo_00365.jpg
data/Corpus/Rodrigo_00366.jpg
data/Corpus/Rodrigo_00367.jpg
data/Corpus/Rodrigo_00368.jpg
data/Corpus/Rodrigo_00369.jpg
data/Corpus/Rodrigo_00370.jpg
data/Corpus/Rodrigo_00371.jpg
data/Corpus/Rodrigo_00372.jpg
data/Corpus/Rodrigo_00373.jpg
data/Corpus/Rodrigo_00374.jpg
data/Corpus/Rodrigo_00375.jpg
data/Corpus/Rodrigo_00376.jpg
data/Corpus/Rodrigo_00377.jpg
data/Corpus/Rodrigo_00378.jpg
data/Corpus/Rodrigo_00379.jpg
data/Corpus/Rodrigo_00380.jpg
data/Corpus/Rodrigo_00381.jpg
data/Corpus/Rodrigo_00382.jpg
data/Corpus/Rodrigo_00383.jpg
data/Corpus/Rodrigo_00384.jpg
data/Corpus/Rodrigo_00385.jpg
data/Corpus/Rodrigo_00386.jpg
data/Corpus/Rodrigo_00387.jpg
data/Corpus/Rodrigo_00388.jpg
data/Corpus/Rodrigo_00389.jpg
data/Corpus/Rodrigo_00390.jpg
data/Corpus/Rodrigo_00391.jpg
data/Corpus/Rodrigo_00392.jpg
data/Corpus/Rodrigo_00393.jpg
data/Corpus/Rodrigo_00394.jpg
data/Corpus/Rodrigo_00395.jpg
data/Corpus/Rodrigo_00396.jpg
data/Corpus/Rodrigo_00397.jpg
data/Corpus/Rodrigo_00398.jpg
data/Corpus/Rodrigo_00399.jpg
data/Corpus/Rodrigo_00400.jpg
data/Corpus/Rodrigo_00401.jpg
data/Corpus/Rodrigo_00402.jpg
data/Corpus/Rodrigo_00403.jpg
data/Corpus/Rodrigo_00404.jpg
data/Corpus/Rodrigo_00405.jpg
data/Corpus/Rodrigo_00406.jpg
data/Corpus/Rodrigo_00407.jpg
data/Corpus/Rodrigo_00408.jpg
data/Corpus/Rodrigo_00409.jpg
data/Corpus/Rodrigo_00410.jpg
data/Corpus/Rodrigo_00411.jpg
data/Corpus/Rodrigo_00412.jpg
data/Corpus/Rodrigo_00413.jpg
data/Corpus/Rodrigo_00414.jpg
data/Corpus/Rodrigo_00415.jpg
data/Corpus/Rodrigo_00416.jpg
data/Corpus/Rodrigo_00417.jpg
data/Corpus/Rodrigo_00418.jpg
data/Corpus/Rodrigo_00419.jpg
data/Corpus/Rodrigo_00420.jpg
data/Corpus/Rodrigo_00421.jpg
data/Corpus/Rodrigo_00422.jpg
data/Corpus/Rodrigo_00423.jpg
data/Corpus/Rodrigo_00424.jpg
data/Corpus/Rodrigo_00425.jpg
data/Corpus/Rodrigo_00426.jpg
data/Corpus/Rodrigo_00427.jpg
data/Corpus/Rodrigo_00428.jpg
data/Corpus/Rodrigo_00429.jpg
data/Corpus/Rodrigo_00430.jpg
data/Corpus/Rodrigo_00431.jpg
data/Corpus/Rodrigo_00432.jpg
data/Corpus/Rodrigo_00433.jpg
data/Corpus/Rodrigo_00434.jpg
data/Corpus/Rodrigo_00435.jpg
data/Corpus/Rodrigo_00436.jpg
data/Corpus/Rodrigo_00437.jpg
data/Corpus/Rodrigo_00438.jpg
data/Corpus/Rodrigo_00439.jpg
data/Corpus/Rodrigo_00440.jpg
data/Corpus/Rodrigo_00441.jpg
data/Corpus/Rodrigo_00442.jpg
data/Corpus/Rodrigo_00443.jpg
data/Corpus/Rodrigo_00444.jpg
data/Corpus/Rodrigo_00445.jpg
data/Corpus/Rodrigo_00446.jpg
data/Corpus/Rodrigo_00447.jpg
data/Corpus/Rodrigo_00448.jpg
data/Corpus/Rodrigo_00449.jpg
data/Corpus/Rodrigo_00450.jpg
data/Corpus/Rodrigo_00451.jpg
data/Corpus/Rodrigo_00452.jpg
data/Corpus/Rodrigo_00453.jpg
data/Corpus/Rodrigo_00454.jpg
data/Corpus/Rodrigo_00455.jpg
data/Corpus/Rodrigo_00456.jpg
data/Corpus/Rodrigo_00457.jpg
data/Corpus/Rodrigo_00458.jpg
data/Corpus/Rodrigo_00459.jpg
data/Corpus/Rodrigo_00460.jpg
data/Corpus/Rodrigo_00461.jpg
data/Corpus/Rodrigo_00462.jpg
data/Corpus/Rodrigo_00463.jpg
data/Corpus/Rodrigo_00464.jpg
data/Corpus/Rodrigo_00465.jpg
data/Corpus/Rodrigo_00466.jpg
data/Corpus/Rodrigo_00467.jpg
data/Corpus/Rodrigo_00468.jpg
data/Corpus/Rodrigo_00469.jpg
data/Corpus/Rodrigo_00470.jpg
data/Corpus/Rodrigo_00471.jpg
data/Corpus/Rodrigo_00472.jpg
data/Corpus/Rodrigo_00473.jpg
data/Corpus/Rodrigo_00474.jpg
data/Corpus/Rodrigo_00475.jpg
data/Corpus/Rodrigo_00476.jpg
data/Corpus/Rodrigo_00477.jpg
data/Corpus/Rodrigo_00478.jpg
data/Corpus/Rodrigo_00479.jpg
data/Corpus/Rodrigo_00480.jpg
data/Corpus/Rodrigo_00481.jpg
data/Corpus/Rodrigo_00482.jpg
data/Corpus/Rodrigo_00483.jpg
data/Corpus/Rodrigo_00484.jpg
data/Corpus/Rodrigo_00485.jpg
data/Corpus/Rodrigo_00486.jpg
data/Corpus/Rodrigo_00487.jpg
data/Corpus/Rodrigo_00488.jpg
data/Corpus/Rodrigo_00489.jpg
data/Corpus/Rodrigo_00490.jpg
data/Corpus/Rodrigo_00491.jpg
data/Corpus/Rodrigo_00492.jpg
data/Corpus/Rodrigo_00493.jpg
data/Corpus/Rodrigo_00494.jpg
data/Corpus/Rodrigo_00495.jpg
data/Corpus/Rodrigo_00496.jpg
data/Corpus/Rodrigo_00497.jpg
data/Corpus/Rodrigo_00498.jpg
data/Corpus/Rodrigo_00499.jpg
data/Corpus/Rodrigo_00500.jpg
data/Corpus/Rodrigo_00501.jpg
data/Corpus/Rodrigo_00502.jpg
data/Corpus/Rodrigo_00503.jpg
data/Corpus/Rodrigo_00504.jpg
data/Corpus/Rodrigo_00505.jpg
data/Corpus/Rodrigo_00506.jpg
data/Corpus/Rodrigo_00507.jpg
data/Corpus/Rodrigo_00508.jpg
data/Corpus/Rodrigo_00509.jpg
data/Corpus/Rodrigo_00510.jpg
data/Corpus/Rodrigo_00511.jpg
data/Corpus/Rodrigo_00512.jpg
data/Corpus/Rodrigo_00513.jpg
data/Corpus/Rodrigo_00514.jpg
data/Corpus/Rodrigo_00515.jpg
data/Corpus/Rodrigo_00516.jpg
data/Corpus/Rodrigo_00517.jpg
data/Corpus/Rodrigo_00518.jpg
data/Corpus/Rodrigo_00519.jpg
data/Corpus/Rodrigo_00520.jpg
data/Corpus/Rodrigo_00521.jpg
data/Corpus/Rodrigo_00522.jpg
data/Corpus/Rodrigo_00523.jpg
data/Corpus/Rodrigo_00524.jpg
data/Corpus/Rodrigo_00525.jpg
data/Corpus/Rodrigo_00526.jpg
data/Corpus/Rodrigo_00527.jpg
data/Corpus/Rodrigo_00528.jpg
data/Corpus/Rodrigo_00529.jpg
data/Corpus/Rodrigo_00530.jpg
data/Corpus/Rodrigo_00531.jpg
data/Corpus/Rodrigo_00532.jpg
data/Corpus/Rodrigo_00533.jpg
data/Corpus/Rodrigo_00534.jpg
data/Corpus/Rodrigo_00535.jpg
data/Corpus/Rodrigo_00536.jpg
data/Corpus/Rodrigo_00537.jpg
data/Corpus/Rodrigo_00538.jpg
data/Corpus/Rodrigo_00539.jpg
data/Corpus/Rodrigo_00540.jpg
data/Corpus/Rodrigo_00541.jpg
data/Corpus/Rodrigo_00542.jpg
data/Corpus/Rodrigo_00543.jpg
data/Corpus/Rodrigo_00544.jpg
data/Corpus/Rodrigo_00545.jpg
data/Corpus/Rodrigo_00546.jpg
data/Corpus/Rodrigo_00547.jpg
data/Corpus/Rodrigo_00548.jpg
data/Corpus/Rodrigo_00549.jpg
data/Corpus/Rodrigo_00550.jpg
data/Corpus/Rodrigo_00551.jpg
data/Corpus/Rodrigo_00552.jpg
data/Corpus/Rodrigo_00553.jpg
data/Corpus/Rodrigo_00554.jpg
data/Corpus/Rodrigo_00555.jpg
data/Corpus/Rodrigo_00556.jpg
data/Corpus/Rodrigo_00557.jpg
data/Corpus/Rodrigo_00558.jpg
data/Corpus/Rodrigo_00559.jpg
data/Corpus/Rodrigo_00560.jpg
data/Corpus/Rodrigo_00561.jpg
data/Corpus/Rodrigo_00562.jpg
data/Corpus/Rodrigo_00563.jpg
data/Corpus/Rodrigo_00564.jpg
data/Corpus/Rodrigo_00565.jpg
data/Corpus/Rodrigo_00566.jpg
data/Corpus/Rodrigo_00567.jpg
data/Corpus/Rodrigo_00568.jpg
data/Corpus/Rodrigo_00569.jpg
data/Corpus/Rodrigo_00570.jpg
data/Corpus/Rodrigo_00571.jpg
data/Corpus/Rodrigo_00572.jpg
data/Corpus/Rodrigo_00573.jpg
data/Corpus/Rodrigo_00574.jpg
data/Corpus/Rodrigo_00575.jpg
data/Corpus/Rodrigo_00576.jpg
data/Corpus/Rodrigo_00577.jpg
data/Corpus/Rodrigo_00578.jpg
data/Corpus/Rodrigo_00579.jpg
data/Corpus/Rodrigo_00580.jpg
data/Corpus/Rodrigo_00581.jpg
data/Corpus/Rodrigo_00582.jpg
data/Corpus/Rodrigo_00583.jpg
data/Corpus/Rodrigo_00584.jpg
data/Corpus/Rodrigo_00585.jpg
data/Corpus/Rodrigo_00586.jpg
data/Corpus/Rodrigo_00587.jpg
data/Corpus/Rodrigo_00588.jpg
data/Corpus/Rodrigo_00589.jpg
data/Corpus/Rodrigo_00590.jpg
data/Corpus/Rodrigo_00591.jpg
data/Corpus/Rodrigo_00592.jpg
data/Corpus/Rodrigo_00593.jpg
data/Corpus/Rodrigo_00594.jpg
data/Corpus/Rodrigo_00595.jpg
data/Corpus/Rodrigo_00596.jpg
data/Corpus/Rodrigo_00597.jpg
data/Corpus/Rodrigo_00598.jpg
data/Corpus/Rodrigo_00599.jpg
data/Corpus/Rodrigo_00600.jpg
data/Corpus/Rodrigo_00601.jpg
data/Corpus/Rodrigo_00602.jpg
data/Corpus/Rodrigo_00603.jpg
data/Corpus/Rodrigo_00604.jpg
data/Corpus/Rodrigo_00605.jpg
data/Corpus/Rodrigo_00606.jpg
data/Corpus/Rodrigo_00607.jpg
data/Corpus/Rodrigo_00608.jpg
data/Corpus/Rodrigo_00609.jpg
data/Corpus/Rodrigo_00610.jpg
data/Corpus/Rodrigo_00611.jpg
data/Corpus/Rodrigo_00612.jpg
data/Corpus/Rodrigo_00613.jpg
data/Corpus/Rodrigo_00614.jpg
data/Corpus/Rodrigo_00615.jpg
data/Corpus/Rodrigo_00616.jpg
data/Corpus/Rodrigo_00617.jpg
data/Corpus/Rodrigo_00618.jpg
data/Corpus/Rodrigo_00619.jpg
data/Corpus/Rodrigo_00620.jpg
data/Corpus/Rodrigo_00621.jpg
data/Corpus/Rodrigo_00622.jpg
data/Corpus/Rodrigo_00623.jpg
data/Corpus/Rodrigo_00624.jpg
data/Corpus/Rodrigo_00625.jpg
data/Corpus/Rodrigo_00626.jpg
data/Corpus/Rodrigo_00627.jpg
data/Corpus/Rodrigo_00628.jpg
data/Corpus/Rodrigo_00629.jpg
data/Corpus/Rodrigo_00630.jpg
data/Corpus/Rodrigo_00631.jpg
data/Corpus/Rodrigo_00632.jpg
data/Corpus/Rodrigo_00633.jpg
data/Corpus/Rodrigo_00634.jpg
data/Corpus/Rodrigo_00635.jpg
data/Corpus/Rodrigo_00636.jpg
data/Corpus/Rodrigo_00637.jpg
data/Corpus/Rodrigo_00638.jpg
data/Corpus/Rodrigo_00639.jpg
data/Corpus/Rodrigo_00640.jpg
data/Corpus/Rodrigo_00641.jpg
data/Corpus/Rodrigo_00642.jpg
data/Corpus/Rodrigo_00643.jpg
data/Corpus/Rodrigo_00644.jpg
data/Corpus/Rodrigo_00645.jpg
data/Corpus/Rodrigo_00646.jpg
data/Corpus/Rodrigo_00647.jpg
data/Corpus/Rodrigo_00648.jpg
data/Corpus/Rodrigo_00649.jpg
data/Corpus/Rodrigo_00650.jpg
data/Corpus/Rodrigo_00651.jpg
data/Corpus/Rodrigo_00652.jpg
data/Corpus/Rodrigo_00653.jpg
data/Corpus/Rodrigo_00654.jpg
data/Corpus/Rodrigo_00655.jpg
data/Corpus/Rodrigo_00656.jpg
data/Corpus/Rodrigo_00657.jpg
data/Corpus/Rodrigo_00658.jpg
data/Corpus/Rodrigo_00659.jpg
data/Corpus/Rodrigo_00660.jpg
data/Corpus/Rodrigo_00661.jpg
data/Corpus/Rodrigo_00662.jpg
data/Corpus/Rodrigo_00663.jpg
data/Corpus/Rodrigo_00664.jpg
data/Corpus/Rodrigo_00665.jpg
data/Corpus/Rodrigo_00666.jpg
data/Corpus/Rodrigo_00667.jpg
data/Corpus/Rodrigo_00668.jpg
data/Corpus/Rodrigo_00669.jpg
data/Corpus/Rodrigo_00670.jpg
data/Corpus/Rodrigo_00671.jpg
data/Corpus/Rodrigo_00672.jpg
data/Corpus/Rodrigo_00673.jpg
data/Corpus/Rodrigo_00674.jpg
data/Corpus/Rodrigo_00675.jpg
data/Corpus/Rodrigo_00676.jpg
data/Corpus/Rodrigo_00677.jpg
data/Corpus/Rodrigo_00678.jpg
data/Corpus/Rodrigo_00679.jpg
data/Corpus/Rodrigo_00680.jpg
data/Corpus/Rodrigo_00681.jpg
data/Corpus/Rodrigo_00682.jpg
data/Corpus/Rodrigo_00683.jpg
data/Corpus/Rodrigo_00684.jpg
data/Corpus/Rodrigo_00685.jpg
data/Corpus/Rodrigo_00686.jpg
data/Corpus/Rodrigo_00687.jpg
data/Corpus/Rodrigo_00688.jpg
data/Corpus/Rodrigo_00689.jpg
data/Corpus/Rodrigo_00690.jpg
data/Corpus/Rodrigo_00691.jpg
data/Corpus/Rodrigo_00692.jpg
data/Corpus/Rodrigo_00693.jpg
data/Corpus/Rodrigo_00694.jpg
data/Corpus/Rodrigo_00695.jpg
data/Corpus/Rodrigo_00696.jpg
data/Corpus/Rodrigo_00697.jpg
data/Corpus/Rodrigo_00698.jpg
data/Corpus/Rodrigo_00699.jpg
data/Corpus/Rodrigo_00700.jpg
data/Corpus/Rodrigo_00701.jpg
data/Corpus/Rodrigo_00702.jpg
data/Corpus/Rodrigo_00703.jpg
data/Corpus/Rodrigo_00704.jpg
data/Corpus/Rodrigo_00705.jpg
data/Corpus/Rodrigo_00706.jpg
data/Corpus/Rodrigo_00707.jpg
data/Corpus/Rodrigo_00708.jpg
data/Corpus/Rodrigo_00709.jpg
data/Corpus/Rodrigo_00710.jpg
data/Corpus/Rodrigo_00711.jpg
data/Corpus/Rodrigo_00712.jpg
data/Corpus/Rodrigo_00713.jpg
data/Corpus/Rodrigo_00714.jpg
data/Corpus/Rodrigo_00715.jpg
data/Corpus/Rodrigo_00716.jpg
data/Corpus/Rodrigo_00717.jpg
data/Corpus/Rodrigo_00718.jpg
data/Corpus/Rodrigo_00719.jpg
data/Corpus/Rodrigo_00720.jpg
data/Corpus/Rodrigo_00721.jpg
data/Corpus/Rodrigo_00722.jpg
data/Corpus/Rodrigo_00723.jpg
data/Corpus/Rodrigo_00724.jpg
data/Corpus/Rodrigo_00725.jpg
data/Corpus/Rodrigo_00726.jpg
data/Corpus/Rodrigo_00727.jpg
data/Corpus/Rodrigo_00728.jpg
data/Corpus/Rodrigo_00729.jpg
data/Corpus/Rodrigo_00730.jpg
data/Corpus/Rodrigo_00731.jpg
data/Corpus/Rodrigo_00732.jpg
data/Corpus/Rodrigo_00733.jpg
data/Corpus/Rodrigo_00734.jpg
data/Corpus/Rodrigo_00735.jpg
data/Corpus/Rodrigo_00736.jpg
data/Corpus/Rodrigo_00737.jpg
data/Corpus/Rodrigo_00738.jpg
data/Corpus/Rodrigo_00739.jpg
data/Corpus/Rodrigo_00740.jpg
data/Corpus/Rodrigo_00741.jpg
data/Corpus/Rodrigo_00742.jpg
data/Corpus/Rodrigo_00743.jpg
data/Corpus/Rodrigo_00744.jpg
data/Corpus/Rodrigo_00745.jpg
data/Corpus/Rodrigo_00746.jpg
data/Corpus/Rodrigo_00747.jpg
data/Corpus/Rodrigo_00748.jpg
data/Corpus/Rodrigo_00749.jpg
data/Corpus/Rodrigo_00750.jpg
data/Corpus/Rodrigo_00751.jpg
data/Corpus/Rodrigo_00752.jpg
data/Corpus/Rodrigo_00753.jpg
data/Corpus/Rodrigo_00754.jpg
data/Corpus/Rodrigo_00755.jpg
data/Corpus/Rodrigo_00756.jpg
data/Corpus/Rodrigo_00757.jpg
data/Corpus/Rodrigo_00758.jpg
data/Corpus/Rodrigo_00759.jpg
data/Corpus/Rodrigo_00760.jpg
data/Corpus/Rodrigo_00761.jpg
data/Corpus/Rodrigo_00762.jpg
data/Corpus/Rodrigo_00763.jpg
data/Corpus/Rodrigo_00764.jpg
data/Corpus/Rodrigo_00765.jpg
data/Corpus/Rodrigo_00766.jpg
data/Corpus/Rodrigo_00767.jpg
data/Corpus/Rodrigo_00768.jpg
data/Corpus/Rodrigo_00769.jpg
data/Corpus/Rodrigo_00770.jpg
data/Corpus/Rodrigo_00771.jpg
data/Corpus/Rodrigo_00772.jpg
data/Corpus/Rodrigo_00773.jpg
data/Corpus/Rodrigo_00774.jpg
data/Corpus/Rodrigo_00775.jpg
data/Corpus/Rodrigo_00776.jpg
data/Corpus/Rodrigo_00777.jpg
data/Corpus/Rodrigo_00778.jpg
data/Corpus/Rodrigo_00779.jpg
data/Corpus/Rodrigo_00780.jpg
data/Corpus/Rodrigo_00781.jpg
data/Corpus/Rodrigo_00782.jpg
data/Corpus/Rodrigo_00783.jpg
data/Corpus/Rodrigo_00784.jpg
data/Corpus/Rodrigo_00785.jpg
data/Corpus/Rodrigo_00786.jpg
data/Corpus/Rodrigo_00787.jpg
data/Corpus/Rodrigo_00788.jpg
data/Corpus/Rodrigo_00789.jpg
data/Corpus/Rodrigo_00790.jpg
data/Corpus/Rodrigo_00791.jpg
data/Corpus/Rodrigo_00792.jpg
data/Corpus/Rodrigo_00793.jpg
data/Corpus/Rodrigo_00794.jpg
data/Corpus/Rodrigo_00795.jpg
data/Corpus/Rodrigo_00796.jpg
data/Corpus/Rodrigo_00797.jpg
data/Corpus/Rodrigo_00798.jpg
data/Corpus/Rodrigo_00799.jpg
data/Corpus/Rodrigo_00800.jpg
data/Corpus/Rodrigo_00801.jpg
data/Corpus/Rodrigo_00802.jpg
data/Corpus/Rodrigo_00803.jpg
data/Corpus/Rodrigo_00804.jpg
data/Corpus/Rodrigo_00805.jpg
data/Corpus/Rodrigo_00806.jpg
data/Corpus/Rodrigo_00807.jpg
data/Corpus/Rodrigo_00808.jpg
data/Corpus/Rodrigo_00809.jpg
data/Corpus/Rodrigo_00810.jpg
data/Corpus/Rodrigo_00811.jpg
data/Corpus/Rodrigo_00812.jpg
data/Corpus/Rodrigo_00813.jpg
data/Corpus/Rodrigo_00814.jpg
data/Corpus/Rodrigo_00815.jpg
data/Corpus/Rodrigo_00816.jpg
data/Corpus/Rodrigo_00817.jpg
data/Corpus/Rodrigo_00818.jpg
data/Corpus/Rodrigo_00819.jpg
data/Corpus/Rodrigo_00820.jpg
data/Corpus/Rodrigo_00821.jpg
data/Corpus/Rodrigo_00822.jpg
data/Corpus/Rodrigo_00823.jpg
data/Corpus/Rodrigo_00824.jpg
data/Corpus/Rodrigo_00825.jpg
data/Corpus/Rodrigo_00826.jpg
data/Corpus/Rodrigo_00827.jpg
data/Corpus/Rodrigo_00828.jpg
data/Corpus/Rodrigo_00829.jpg
data/Corpus/Rodrigo_00830.jpg
data/Corpus/Rodrigo_00831.jpg
data/Corpus/Rodrigo_00832.jpg
data/Corpus/Rodrigo_00833.jpg
data/Corpus/Rodrigo_00834.jpg
data/Corpus/Rodrigo_00835.jpg
data/Corpus/Rodrigo_00836.jpg
data/Corpus/Rodrigo_00837.jpg
data/Corpus/Rodrigo_00838.jpg
data/Corpus/Rodrigo_00839.jpg
data/Corpus/Rodrigo_00840.jpg
data/Corpus/Rodrigo_00841.jpg
data/Corpus/Rodrigo_00842.jpg
data/Corpus/Rodrigo_00843.jpg
data/Corpus/Rodrigo_00844.jpg
data/Corpus/Rodrigo_00845.jpg
data/Corpus/Rodrigo_00846.jpg
data/Corpus/Rodrigo_00847.jpg
data/Corpus/Rodrigo_00848.jpg
data/Corpus/Rodrigo_00849.jpg
data/Corpus/Rodrigo_00850.jpg
